Mapsize: 26 x 19
|---------------------------------------------------------------------------------------------------------------------------------|
|    .    .    .    .    .    .    .    .    .    .    .    .    .    .    .    .    .    .    .    .    .    .    .    .    .    |
|    .    .    .    .    .    .    .    .    .    .    .    .    .    .    .    .    .    .    .    .    .    .    .    .    .    |
| . .|-------------------|-------------------|--------------| . . . . |--------------|-------------------|-------------------|. . |
|    |    .    .    .    |    .    .    .    |Fra .*   .*   |    .    |    .    .    |    .    .    .    |    .    .    .    |    |
|    |  01.  01.  01.  01|  10.  10.  10.  10|  05.  05.  05|    .    |  13.  13.  13|  14.  14.  14.  14|  16.  16.  16.  16|    |
| . .|. . . . . . . . . .|. . . . . . . . . .|. . . . . . . | . . . . | . . . . . . .|. . . . . . . . . .|. . . . . . . . . .|. . |
|    |    .    .    .    |    .    .    .    |*   .*   .*   |    .    |    .    .    |    .    .    .    |    .    .    .    |    |
|    |  01.  01.  01.  01|  10.  10.  10.  10|  05.  05.  05|    .    |  13.  13.  13|  14.  14.  14.  14|  16.  16.  16.  16|    |
| . .|. . . . . . . . . .|. . . . . . . . . .|. . . . . . . | . . . . | . . . . . . .|. . . . . . . . . .|. . . . . . . . . .|. . |
|    |    .    .    .    |    .    .    .    |    .Mor .    |    .    |    .    .    |    .    .    .    |    .    .    .    |    |
|    |  01.  01.  01.  01|  10.  10.  10.  10|  05.  05.  05|    .    |  13.  13.  13|  14.  14.  14.  14|  16.  16.  16.  16|    |
|----|-------------------|-------------------|. . . . . . . | . . . . | . . . . . . .|. . . . . . . . . .|. . . . . . . . . .|. . |
|    |    .    .    .FbC |Fta .*   .*   .    D    .    .    |    .    |    .    .    |    .    .    .    |    .    .    .    |    |
|    |  02.  02.  02.  02|  04.  04.  04.  04D  05.  05.  05|    .    |  13.  13.  13|  14.  14.  14.  14|  16.  16.  16.  16|    |
| . .|. . . . . . . . . .|. . . . . . . . . .|. . . . . . . | . . . . | . . . . . . .|-------------------|-------------------|. . |
|    D    .    .    .*   |*   .*   .*   .    |    .    .    |    .    |    .    .    |    .    .    .    |    .    .    .    |    |
|    D  02.  02.  02.  02|  04.  04.  04.  04|  05.  05.  05|    .    |  13.  13.  13|  15.  15.  15.  15|  17.  17.  17.  17|    |
| . .|. . . . . . . . . .|. . . . . . . . . .|DDDD----------| . . . . |--------------|. . . . . . . . . .|. . . . . . . . . .|. . |
|    |    .    .    .*   |    .    .Mfi .    |    .    .    |    .    .    .    .    |    .    .    .    |    .    .    .    |    |
|    |  02.  02.  02.  02|  04.  04.  04.  04|    .    .    |    .    .    .    .    |  15.  15.  15.  15|  17.  17.  17.  17|    |
| . .|. . . . . . . . . .|. . . . . . . . . .|----|-----DDDD|-------------------| . .|. . . . . . . . . .|. . . . . . . . . .|. . |
|    |    .    .Mfi .    D    .    .    .    |    |    .    .    .Mgo .    .    |    |    .    .    .    |    .    .    .    |    |
|    |  02.  02.  02.  02D  04.  04.  04.  04|    |  12.  12.  12.  12.  12.  12|    |  15.  15.  15.  15|  17.  17.  17.  17|    |
| . .|. . . . . . . . . .|. . . . . . . . . .|----| . . . . . . . . . . . . . . | . .|. . . . . . . . . .|. . . . . . . . . .|. . |
|    |    .    .    .    |    .    .    .    |    D    .    .*   .FtA .Mor .    |    |    .    .    .    |    .    .    .    |    |
|    |  02.  02.  02.  02|  04.  04.  04.  04|    D  12.  12.  12.  12.  12.  12|    |  15.  15.  15.  15|  17.  17.  17.  17|    |
| . .|----|--------------|-------------------|. . | . . . . . . . . . . . . . . |----|-------------------|-------------------|----|
|    |    |    .    .    .    .    .    .    .    |    .    .*   .*   .Mch .FtH |    .    .    .    .    .    .    .    .    .    |
|    |    |    .    .    .    .    .    .    .    |  12.  12.  12.  12.  12.  12|    .    .    .    .    .    .    .    .    .    |
| . .|----|DDDD----------|---------|---------|. . | . . . . . . . . . . . . . . | . .|-----DDDD----------|-------------------|. . |
|    |    .    .    .    |FCH .    |    .    |    |    .    .*   .*   .Mor .    |    |    .    .    .FcB |    .    .    .    |    |
|    |  06.  06.  06.  06|  08.  08|* 09.sT09|    |  12.  12.  12.  12.  12.  12|    |  19.  19.  19.  19|  21.  21.  21.  21|    |
| . .|. . . . . . . . . .|. . . . .|. . . . .|. . | . . . . . . . . . . . . . . | . .|. . . . . . . . . .|. . . . . . . . . .|. . |
|    |    .Mch .    .    S    .    |   X.   X|    |    .    .    .    .Mgo .    |    |    .Mch .    .*   |    .    .    .    |    |
|    |  06.  06.  06.  06S  08.  08|* 09.* 09|    |  12.  12.  12.  12.  12.  12|    |  19.  19.  19.  19|  21.  21.  21.  21|    |
| . .|. . . . . . . . . .|. . . . .|. . . . .|. . |---------------DDDD----------| . .|. . . . . . . . . .|. . . . . . . . . .|. . |
|    |*   .*   .*   .    |Mga .    |   X.   X|   a.    .    .    .    .    .    .    |    .    .    .*   |    .    .    .    |    |
|    |  06.  06.  06.  06|  08.  08|  09.  09|pt  .    .    .    .    .    .    .    |  19.  19.  19.  19|  21.  21.  21.  21|    |
| . .|. . . . . . . . . .|---------|DDDD-----|--------------| . . . . |--------------|----| . . . . . . .|. . . . . . . . . .|. . |
|    |*   .*   .FAb .    |    .    .    .    |Ffp .*   .*   |   a.   a|    .    .    .    |    .    .    |    .    .    .    |    |
|    |  06.  06.  06.  06|  03.  03.  03.  03|  11.  11.  11|pt  .pt  |  18.  18.  18.  18|  19.  19.  19|  21.  21.  21.  21|    |
| . .|-------------------|. . . . . . . . . .|. . . . . . . | . . . . | . . . . . . . . . |--------------|-------------------|. . |
|    |    .    .    .    |    .    .    .    |    .    .    |    .    |    .    .    .    |*   .    .    |    .    .    .    |    |
|    |  07.  07.  07.  07|  03.  03.  03.  03|  11.  11.  11|    .    |  18.  18.  18.  18|  20.  20.  20|  22.  22.  22.  22|    |
| . .|. . . . . . . . . .|. . . . . . . . . .|. . . . . . . | . . . . | . . . . . . . . . | . . . . . . .|. . . . . . . . . .|. . |
|    |    .    .    .    |    .Mgo .Mgo .    |    .Mgo .    |    .    |    .    .    .    |*   .Mch .    |    .Mor .    .    D    |
|    |  07.  07.  07.  07|  03.  03.  03.  03|  11.  11.  11|    .    |  18.  18.  18.  18|  20.  20.  20|  22.  22.  22.  22D    |
| . .|. . . . . . . . . .|. . . . . . . . . .|. . . . . . . |---------| . . . . . . . . . | . . . . . . .|. . . . . . . . . .|. . |
|    |    .    .    .    D    .    .    .    D    .Mgo .Mor |    .    |    .    .    .    |FWR .    .Mor |    .    .Mor .    |    |
|    |  07.  07.  07.  07D  03.  03.  03.  03D  11.  11.  11|    .    |  18.  18.  18.  18|  20.  20.  20|  22.  22.  22.  22|    |
| . .|. . . . . . . . . .|. . . . . . . . . .|. . . . . . . |---------| . . . . . . . . . | . . . . . . .|. . . . . . . . . .|. . |
|    |    .    .    .    |    .    .    .    |    .Mgo .    |Mgo .Mgo |    .    .    .    |    .    .    |    .    .    .    |    |
|    |  07.  07.  07.  07|  03.  03.  03.  03|  11.  11.  11|    .    |  18.  18.  18.  18|  20.  20.  20|  22.  22.  22.  22|    |
| . .|-----DDDD----------|-------------------|--------------| . . . . |-------------------|-----DDDD-----|-----DDDD----------|. . |
|    .    .    .    .    .    .    .    .    .    .    .    .    .    .    .    .    .    .    .    .    .    .    .    .    .   a|
|    .    .    .    .    .    .    .    .    .    .    .    .    .    .    .    .    .    .    .    .    .    .    .    .    .pt  |
|---------------------------------------------------------------------------------------------------------------------------------|
