Mapsize: 26 x 19
|-----------------------------------------------------------|---------------------------------------------------------------------|
|    .    .    .    .    .    .    .    .    .    .    .    |    .    .    .    .    .    .    .    .    .    .    .    .    .    |
|    .    .    .    .    .    .    .    .    .    .    .    |    .    .    .    .    .    .    .    .    .    .    .    .    .    |
| . .|-------------------|-------------------|--------------| . . . . |--------------|-------------------|-------------------|. . |
|    |    .    .    .    |    .    .    .    |Fcb .*   .*   |    .    |    .    .    |    .    .    .    |    .    .    .    |   a|
|    |  01.  01.  01.  01|  10.  10.  10.  10|  05.  05.  05|    .    |  13.  13.  13|  14.  14.  14.  14|  16.  16.  16.  16|sp  |
| . .|. . . . . . . . . .|. . . . . . . . . .|. . . . . . . | . . . . | . . . . . . .|. . . . . . . . . .|. . . . . . . . . .|. . |
|    |    .    .    .    |    .    .Mor .    D    .    .    S    .    |    .    .    |    .    .    .    |    .    .    .    |    |
|    |  01.  01.  01.  01|  10.  10.  10.  10D  05.  05.  05S    .    |  13.  13.  13|  14.  14.  14.  14|  16.  16.  16.  16|    |
| . .|. . . . . . . . . .|. . . . . . . . . .|. . . . . . . |---------| . . . . . . .|. . . . . . . . . .|. . . . . . . . . .|. . |
|    |    .    .    .    |    .    .    .    |    .    .    |    .    |    .    .    |    .    .    .    |    .    .    .    |    |
|    |  01.  01.  01.  01|  10.  10.  10.  10|  05.  05.  05|    .    |  13.  13.  13|  14.  14.  14.  14|  16.  16.  16.  16|    |
| . .|-------------------|DDDD---------------|. . . . . . . | . . . . | . . . . . . .|. . . . . . . . . .|. . . . . . . . . .|. . |
|    |    .    .    .    |    .Fra .*   .*   |    .    .    |    .    |    .    .    |    .    .    .    |    .    .    .    |    |
|    |  02.  02.  02.  02|  04.  04.  04.  04|  05.  05.  05|    .    |  13.  13.  13|  14.  14.  14.  14|  16.  16.  16.  16|    |
| . .|. . . . . . . . . .|. . . . . . . . . .|. . . . . . . | . . . . | . . . . . . .|-------------------|-------------------|. . |
|    |    .    .    .    |Mgo .*   .*   .*   |    .    .    |    .    |    .    .    |    .    .    .    |    .Ffp .*   .*   |    |
|    |  02.  02.  02.  02|  04.  04.  04.  04|  05.  05.  05|    .    |  13.  13.  13|  15.  15.  15.  15|  17.  17.  17.  17|    |
| . .|. . . . . . . . . .|. . . . . . . . . .|DDDD-----|----| . . . . |----|---------|. . . . . . . . . .|. . . . . . . . . .|. . |
|    |    .    .    .    |    .    .    .    |   b.    |    .    .    .    |   b.    |    .    .    .    |    .    .    .    |    |
|    |  02.  02.  02.  02|  04.  04.  04.  04|sp  .    |    .    .    .    |sp  .    |  15.  15.  15.  15|  17.  17.  17.  17|    |
| . .|. . . . . . . . . .|. . . . . . . . . .|. . |----|-------------------|----| . .|. . . . . . . . . .|. . . . . . . . . .|. . |
|    |    .    .    .    |    .    .    .Mgo D   a|    .    .    .Mgo .    .    |   a|    .    .    .    |    .Mor .    .    D    |
|    |  02.  02.  02.  02|  04.  04.  04.  04Dpt  |  12.  12.  12.  12.  12.  12|pt  |  15.  15.  15.  15|  17.  17.  17.  17D    |
| . .|. . . . . . . . . .|. . . . . . . . . .|. . | . . . . . . . . . . . . . . | . .|. . . . . . . . . .|. . . . . . . . . .|. . |
|    |    .    .    .    |    .    .    .    |    |FCHB.    .Mor .    .    .    |    |    .    .    .    |Mor .    .Mor .    |    |
|    |  02.  02.  02.  02|  04.  04.  04.  04|    |  12.  12.  12.  12.  12.  12|    |  15.  15.  15.  15|  17.  17.  17.  17|    |
| . .|----|--------------|DDDD---------------|. . | . . . . . . . . . . . . . . | . .|-------------------|DDDD---------------|----|
|    .    |    .    .    .    .   a.    .    |    |FCHB.Mch .Mfi .    .    .    DMor .    .    .    .    .    .    .    .    |    |
|    .    |    .    .    .    .pt  .    .    |    |  12.  12.  12.  12.  12.  12D    .    .    .    .    .    .    .    .    |    |
| . .|----|DDDD----------|---------|DDDD-----|. . | . . . . . . . . . . . . . . |----|-------------------|-------------------|. . |
|    |    .Mor .Mor .    |    .    |    .    |    |FCHB.    .Mor .    .    .    |    |    .    .    .    |    .    .    .    |    |
|    |  06.  06.  06.  06|  08.  08|  09.  09|    |  12.  12.  12.  12.  12.  12|    |  19.  19.  19.  19|  21.  21.  21.  21|    |
| . .|. . . . . . . . . .|. . . . .|. . . . .|. . | . . . . . . . . . . . . . . | . .|. . . . . . . . . .|. . . . . . . . . .|. . |
|    |    .    .    .    |    .    |    .    |    |    .    .    .Mgo .    .    |    |    .    .    .    |    .    .    .    |    |
|    |  06.  06.  06.  06|  08.  08|  09.  09|    |  12.  12.  12.  12.  12.  12|    |  19.  19.  19.  19|  21.  21.  21.  21|    |
| . .|. . . . . . . . . .|. . . . .|. . . . .|. . |-----------------------------| . .|. . . . . . . . . .|. . . . . . . . . .|. . |
|    |    .    .    .    |    .    |    .    |    .    .    .    .    .    .    .    |    .    .    .    |    .    .    .    |    |
|    |  06.  06.  06.  06|  08.  08|  09.  09|    .    .    .    .    .    .    .    |  19.  19.  19.  19|  21.  21.  21.  21|    |
| . .|. . . . . . . . . .|---------|---------|--------------| . . . . |--------------|----| . . . . . . .|. . . . . . . . . .|. . |
|    |    .    .    .    |    .    .    .    |    .    .    |    .    |    .    .    .    |    .    .    |    .    .    .    |    |
|    |  06.  06.  06.  06|  03.  03.  03.  03|  11.  11.  11|    .    |  18.  18.  18.  18|  19.  19.  19|  21.  21.  21.  21|    |
| . .|----------DDDD-----|. . . . . . . . . .|. . . . . . . | . . . . | . . . . . . . . . |--------------|-------------------|. . |
|    |*   .*   .    .    |    .    .    .    |    .    .    |    .    |    .    .    .    |   X.   A.   A|    .    .    .    |    |
|    |  07.  07.  07.  07|  03.  03.  03.  03|  11.  11.  11|    .    |  18.  18.  18.  18|  20.* 20.* 20|  22.  22.  22.  22|    |
| . .|. . . . . . . . . .|. . . . . . . . . .|. . . . . . . | . . . . | . . . . . . . . . | . . . . . . .|. . . . . . . . . .|. . |
|    |*   .*   .    .    |    .    .    .    |    .    .    |    .    |    .    .    .    |   X.   A.   A|    .Mgo .    .    |    |
|    |  07.  07.  07.  07|  03.  03.  03.  03|  11.  11.  11|    .    |  18.  18.  18.  18|  20.* 20.St20|  22.  22.  22.  22|    |
| . .|. . . . . . . . . .|. . . . . . . . . .|. . . . . . . | . . . . | . . . . . . . . . | . . . . . . .|. . . . . . . . . .|. . |
|    |FTA .*   .Mor .Mor |    .    .    .    |    .    .    |    .    |    .    .    .    |    .   X.   X|    .    .Mgo .    |    |
|    |  07.  07.  07.  07|  03.  03.  03.  03|  11.  11.  11|    .    |  18.  18.  18.  18|  20.  20.  20|  22.  22.  22.  22|    |
| . .|. . . . . . . . . .|. . . . . . . . . .|. . . . . . . | . . . . | . . . . . . . . . | . . . . . . .|. . . . . . . . . .|. . |
|    |    .    .    .   b|    .    .    .    |    .    .    |    .    |    .    .    .    |    .    .    D    .    .    .    |    |
|    |  07.  07.  07.sp07|  03.  03.  03.  03|  11.  11.  11|    .    |  18.  18.  18.  18|  20.  20.  20D  22.  22.  22.  22|    |
| . .|DDDD---------------|-------------------|--------------|---------|-------------------|--------------|----------DDDD|----|. . |
|    |    .Mor .    .    .    .    .    .    .    .    .    .    .    .    .    .    .    .    .    .    .    .    .    |    .    |
|    |    .    .    .    .    .    .    .    .    .    .    .    .    .    .    .    .    .    .    .    .    .    .    |    .    |
|----|------------------------------------------------------------------------------------------------------------------|---------|
