Mapsize: 26 x 19
|----------------------------------|----|-----------------------------------------------------------------------------------------|
|    .    .    .    .    .    .    |    |    .    .    .    .    .    .    .    .    .    .    .    .    .    .    .    .    .    |
|    .    .    .    .    .    .    |    |    .    .    .    .    .    .    .    .    .    .    .    .    .    .    .    .    .    |
|----|----------DDDD-----|-----DDDD|----|----|--------------| . . . . |--------------|-----DDDD----------|-----DDDD----------|. . |
|    |    .    .    .    |    .    .    .    |    .    .    |Msk .Msk |    .    .    |    .    .   a.    |    .   a.    .    |    |
|    |  01.  01.  01.  01|  10.  10.  10.  10|  05.  05.  05|    .    |  13.  13.  13|  14.  14.pt14.  14|  16.pt16.  16.  16|    |
| . .|. . . . . . . . . .|. . . . . . . . . .|. . . . . . . | . . . . | . . . . . . .|. . . . . . . . . .|. . . . . . . . . .|. . |
|    DMsk .    .Mmu .    |    .    .    .    |    .Mzo .    D    .    |    .    .    |    .Msk .Msk .    |    .    .Mmu .    |    |
|    D  01.  01.  01.  01|  10.  10.  10.  10|  05.  05.  05D    .    |  13.  13.  13|  14.  14.  14.  14|  16.  16.  16.  16|    |
| . .|. . . . . . . . . .|. . . . . . . . . .|. . . . . . . |---------| . . . . . . .|. . . . . . . . . .|. . . . . . . . . .|. . |
|Msk |    .    .    .    |    .    .    .    D    .Msk .    |    .    |    .    .    |    .    .Mzo .    D    .Mzo .Mcw .FtH |    |
|    |  01.  01.  01.  01|  10.  10.  10.  10D  05.  05.  05|    .    |  13.  13.  13|  14.  14.  14.  14D  16.  16.  16.  16|    |
| . .|-------------------|-------------------|. . . . . . . |---------| . . . . . . .|. . . . . . . . . .|. . . . . . . . . .|. . |
|    |    .    .    .    |    .    .    .    |    .Mzo .    S    .    |    .    .    |    .    .    .    |Mmu .    .    .    |    |
|    |  02.  02.  02.  02|  04.  04.  04.  04|  05.  05.  05S    .    |  13.  13.  13|  14.  14.  14.  14|  16.  16.  16.  16|    |
| . .|. . . . . . . . . .|. . . . . . . . . .|. . . . . . . | . . . . | . . . . . . .|-------------------|-------------------|. . |
|    |    .    .    .    |    .    .    .    |    .    .    |    .    |    .    .    |    .    .    .    |    .    .    .    |    |
|    |  02.  02.  02.  02|  04.  04.  04.  04|  05.  05.  05|    .    |  13.  13.  13|  15.  15.  15.  15|  17.  17.  17.  17|    |
| . .|. . . . . . . . . .|. . . . . . . . . .|---------|----| . . . . |----|---------|. . . . . . . . . .|. . . . . . . . . .|. . |
|    |    .    .    .    |    .    .    .    |    .    |    |    .    |    |    .    |    .    .    .    |    .    .    .    |    |
|    |  02.  02.  02.  02|  04.  04.  04.  04|    .    |    |    .    |    |    .    |  15.  15.  15.  15|  17.  17.  17.  17|    |
| . .|. . . . . . . . . .|. . . . . . . . . .|. . |----|----|DDDD-----|----|----| . .|. . . . . . . . . .|. . . . . . . . . .|. . |
|    |    .    .    .    |    .    .    .    |    |    .    .    .    .    .    |    |    .    .    .    |    .    .    .    |Msk |
|    |  02.  02.  02.  02|  04.  04.  04.  04|    |  12.  12.  12.  12.  12.  12|    |  15.  15.  15.  15|  17.  17.  17.  17|    |
| . .|. . . . . . . . . .|. . . . . . . . . .|. . | . . . . . . . . . . . . . . | . .|. . . . . . . . . .|. . . . . . . . . .|. . |
|    |    .    .    .    |    .    .    .    |    |    .Mmu .    .    .    .    |    |    .    .    .    |    .    .    .    |    |
|    |  02.  02.  02.  02|  04.  04.  04.  04|    |  12.  12.  12.  12.  12.  12|    |  15.  15.  15.  15|  17.  17.  17.  17|    |
| . .|-------------------|-------------------|. . | . . . . . . . . . . . . . . | . .|-------------------|-------------------|. . |
|    .Msk .    .    .    .    .    .    .    .    D    .    .Mzo .    .    .    |    .    .    .    .    .    .    .    .    .    |
|    .    .    .    .    .    .    .    .    .    D  12.  12.  12.  12.  12.  12|    .    .    .    .    .    .    .    .    .    |
| . .|-------------------|---------|DDDD-----|. . | . . . . . . . . . . . . . . | . .|-------------------|-------------------|----|
|    |    .    .    .    |    .    |    .    |    |    .    .    .    .    .    |    |    .    .    .    |    .    .    .    |    |
|    |  06.  06.  06.  06|  08.  08|  09.  09|    |  12.  12.  12.  12.  12.  12|    |  19.  19.  19.  19|  21.  21.  21.  21|    |
| . .|. . . . . . . . . .|. . . . .|. . . . .|. . | . . . . . . . . . . . . . . | . .|. . . . . . . . . .|. . . . . . . . . .|. . |
|    |Fto .*   .*   .    DMsk .    DMsk .Msk |    |    .    .    .    .    .    |    |    .    .    .    |    .    .    .    |    |
|    |  06.  06.  06.  06D  08.  08D  09.  09|    |  12.  12.  12.  12.  12.  12|    |  19.  19.  19.  19|  21.  21.  21.  21|    |
| . .|. . . . . . . . . .|. . . . .|. . . . .|. . |-----------------------------| . .|. . . . . . . . . .|. . . . . . . . . .|. . |
|    |*   .*   .*   .    |    .    |    .    |    .    .    .    .    .    .    .    |    .    .    .    |    .    .    .    |    |
|    |  06.  06.  06.  06|  08.  08|  09.  09|    .    .    .    .    .    .    .    |  19.  19.  19.  19|  21.  21.  21.  21|    |
| . .|. . . . . . . . . .|---------|---------|--------------|---------|--------------|----| . . . . . . .|. . . . . . . . . .|. . |
|    |    .    .    .    |    .    .    .    |    .    .    |    .    |    .    .    .    |    .    .    |    .    .    .    |    |
|    |  06.  06.  06.  06|  03.  03.  03.  03|  11.  11.  11|    .    |  18.  18.  18.  18|  19.  19.  19|  21.  21.  21.  21|    |
| . .|-------------------|. . . . . . . . . .|. . . . . . . | . . . . | . . . . . . . . . |--------------|-------------------|. . |
|    |    .    .   X.    |    .    .    .    |    .    .    |    .    |    .    .    .    |    .    .    |    .    .    .    |    |
|    |* 07.sT07.  07.  07|  03.  03.  03.  03|  11.  11.  11|    .    |  18.  18.  18.  18|  20.  20.  20|  22.  22.  22.  22|    |
| . .|. . . . . . . . . .|. . . . . . . . . .|. . . . . . . | . . . . | . . . . . . . . . | . . . . . . .|. . . . . . . . . .|. . |
|Msk |    .    .   X.    |    .    .    .    |    .    .    |    .    |    .    .    .    |    .    .    |    .    .    .    |    |
|    |* 07.* 07.  07.  07|  03.  03.  03.  03|  11.  11.  11|    .    |  18.  18.  18.  18|  20.  20.  20|  22.  22.  22.  22|    |
| . .|. . . . . . . . . .|. . . . . . . . . .|. . . . . . . | . . . . | . . . . . . . . . | . . . . . . .|. . . . . . . . . .|. . |
|    D   X.   X.    .    |    .    .    .    |    .    .    |    .    |    .    .    .    |    .    .    |    .    .    .    |    |
|    D  07.  07.  07.  07|  03.  03.  03.  03|  11.  11.  11|    .    |  18.  18.  18.  18|  20.  20.  20|  22.  22.  22.  22|    |
|----|. . . . . . . . . .|. . . . . . . . . .|. . . . . . . | . . . . | . . . . . . . . . | . . . . . . .|. . . . . . . . . .|. . |
|    |    .    .    .    |    .    .    .    |    .    .    |    .    |    .    .    .    |    .    .    |    .    .    .    |    |
|    |  07.  07.  07.  07|  03.  03.  03.  03|  11.  11.  11|    .    |  18.  18.  18.  18|  20.  20.  20|  22.  22.  22.  22|    |
| . .|-------------------|-------------------|--------------| . . . . |-------------------|--------------|-------------------|. . |
|    .    .    .    .    .    .    .    .    .    .    .    .    .    .    .    .    .    .    .    .    .    .    .    .    .    |
|    .    .    .    .    .    .    .    .    .    .    .    .    .    .    .    .    .    .    .    .    .    .    .    .    .    |
|---------------------------------------------------------------------------------------------------------------------------------|
