Mapsize: 26 x 19
|---------------------------------------------------------------------------------------------------------------------------------|
|Mzo .   a.    .    .    .    .    .    .    .    .    .    .    .    .    .    .    .    .    .    .    .    .    .    .Mzo .    |
|    .pt  .    .    .    .    .    .    .    .    .    .    .    .    .    .    .    .    .    .    .    .    .    .    .    .    |
|----|-----DDDD----------|-------------------|--------------|---------|--------------|-------------------|-------------------|. . |
|    |    .    .    .    |    .    .    .    |    .    .    |    .    |    .    .    |    .    .    .    |    .    .    .    |    |
|    |  01.  01.  01.  01|  10.  10.  10.  10|  05.  05.  05|    .    |  13.  13.  13|  14.  14.  14.  14|  16.  16.  16.  16|    |
|----|. . . . . . . . . .|. . . . . . . . . .|. . . . . . . | . . . . | . . . . . . .|. . . . . . . . . .|. . . . . . . . . .|. . |
|    |Msk .Msk .Msk .Msk |    .    .    .    |    .    .    |    .    |    .    .    |    .    .    .    |    .    .    .    |    |
|    |  01.  01.  01.  01|  10.  10.  10.  10|  05.  05.  05|    .    |  13.  13.  13|  14.  14.  14.  14|  16.  16.  16.  16|    |
| . .|. . . . . . . . . .|. . . . . . . . . .|. . . . . . . | . . . . | . . . . . . .|. . . . . . . . . .|. . . . . . . . . .|. . |
|    |    .McwB.    .    |    .    .    .    |    .    .    |    .    |    .    .    |    .    .    .    |    .    .    .    |    |
|    |  01.  01.  01.  01|  10.  10.  10.  10|  05.  05.  05|    .    |  13.  13.  13|  14.  14.  14.  14|  16.  16.  16.  16|    |
| . .|----------DDDD-----|-------------------|. . . . . . . | . . . . | . . . . . . .|. . . . . . . . . .|. . . . . . . . . .|. . |
|    |    .    .    .    |    .    .    .    |    .    .    |    .    |    .    .    |    .    .    .    |    .    .    .    |    |
|    |  02.  02.  02.  02|  04.  04.  04.  04|  05.  05.  05|    .    |  13.  13.  13|  14.  14.  14.  14|  16.  16.  16.  16|    |
| . .|. . . . . . . . . .|. . . . . . . . . .|. . . . . . . | . . . . | . . . . . . .|-------------------|-------------------|. . |
|   b|    .    .    .    |    .    .    .    |    .    .    |    .    |    .    .    |    .    .    .    |    .    .    .    |    |
|sp  |  02.  02.  02.  02|  04.  04.  04.  04|  05.  05.  05|    .    |  13.  13.  13|  15.  15.  15.  15|  17.  17.  17.  17|    |
| . .|. . . . . . . . . .|. . . . . . . . . .|---------|----| . . . . |--------------|. . . . . . . . . .|. . . . . . . . . .|. . |
|    D    .    .Mzo .    |    .    .    .    |   a.    |    .    .    .    .    .    |    .    .    .    |   X.   X.    .    D    |
|    D  02.  02.  02.  02|  04.  04.  04.  04|pt  .    |    .    .    .    .    .    |  15.  15.  15.  15|  17.  17.  17.  17D    |
| . .|. . . . . . . . . .|. . . . . . . . . .|. . |----|------------------------|----|. . . . . . . . . .|. . . . . . . . . .|. . |
|    |    .    .    .    |    .    .    .    |    |    .    .    .Fbc .*   .*   |    |    .    .    .    |   A.   A.   X.    |    |
|    |  02.  02.  02.  02|  04.  04.  04.  04|    |  12.  12.  12.  12.  12.  12|    |  15.  15.  15.  15|st17.* 17.  17.  17|    |
| . .|. . . . . . . . . .|. . . . . . . . . .|. . | . . . . . . . . . . . . . . | . .|. . . . . . . . . .|. . . . . . . . . .|----|
|    |    .    .    .    |    .    .    .    |    |*   .*   .Mmu .    .    .Mzo |   b|    .    .    .    |   A.   A.   X.    |    |
|    |  02.  02.  02.  02|  04.  04.  04.  04|    |  12.  12.  12.  12.  12.  12|sp  |  15.  15.  15.  15|* 17.* 17.  17.  17|    |
| . .|-----DDDD----------|--------------|----|. . | . . . . . . . . . . . . . . | . .|-------------------|-------------------|----|
|    |    .    .    .    .    .    .    |    .    |*   .*   .    .    .    .    D    .    .    .    .    .    .    .    .    .   b|
|    |    .    .    .    .    .    .    |    .    |  12.  12.  12.  12.  12.  12D    .    .    .    .    .    .    .    .    .sp  |
| . .|---------------DDDD|---------|SSSS|----|. . | . . . . . . . . . . . . . . | . .|----------DDDD-----|-------------------|. . |
|    |    .    .    .Msk |    .    |    .    |    |FST .*   .Mmu .    .    .Mzo |    |    .    .    .    |    .    .    .    |   b|
|    |  06.  06.  06.  06|  08.  08|  09.  09|    |  12.  12.  12.  12.  12.  12|    |  19.  19.  19.  19|  21.  21.  21.  21|sp  |
| . .|. . . . . . . . . .|. . . . .|. . . . .|. . | . . . . . . . . . . . . . . | . .|. . . . . . . . . .|. . . . . . . . . .|. . |
|    |    .    .    .    |    .    |    .    |    |    .    .    .*   .*   .FBc |    |    .    .    .    |FCHC.Mor .    .    D    |
|    |  06.  06.  06.  06|  08.  08|  09.  09|    |  12.  12.  12.  12.  12.  12|    |  19.  19.  19.  19|  21.  21.  21.  21D    |
| . .|. . . . . . . . . .|. . . . .|. . . . .|. . |-----------------------------| . .|. . . . . . . . . .|. . . . . . . . . .|. . |
|   b|    .    .    .    |    .    |    .    S    .    .    .    .    .    .    .Msk |    .    .    .    |    .    .Mor .    |    |
|sp  |  06.  06.  06.  06|  08.  08|  09.  09S    .    .    .    .    .    .    .    |  19.  19.  19.  19|  21.  21.  21.  21|    |
| . .|. . . . . . . . . .|---------|---------|--------------| . . . . |--------------|----| . . . . . . .|. . . . . . . . . .|. . |
|    |    .    .Msk .    |    .    .    .    |    .    .    |    .    |    .Mor .    .    |    .    .    |    .    .    .    |    |
|    |  06.  06.  06.  06|  03.  03.  03.  03|  11.  11.  11|    .    |  18.  18.  18.  18|  19.  19.  19|  21.  21.  21.  21|    |
| . .|----------DDDD-----|. . . . . . . . . .|. . . . . . . | . . . . | . . . . . . . . . |-----DDDD-----|-------------------|. . |
|    |    .    .Msk .    |    .    .    .    |    .    .    |    .    |Fta .*   .*   .    |    .    .    |    .    .    .    |    |
|    |  07.  07.  07.  07|  03.  03.  03.  03|  11.  11.  11|    .    |  18.  18.  18.  18|  20.  20.  20|  22.  22.  22.  22|    |
| . .|. . . . . . . . . .|. . . . . . . . . .|. . . . . . . | . . . . | . . . . . . . . . | . . . . . . .|. . . . . . . . . .|. . |
|    |    .    .    .    |    .    .    .    |    .    .    |    .    |*   .*   .*   .    |    .Mor .    |    .    .    .    |    |
|    |  07.  07.  07.  07|  03.  03.  03.  03|  11.  11.  11|    .    |  18.  18.  18.  18|  20.  20.  20|  22.  22.  22.  22|    |
| . .|. . . . . . . . . .|. . . . . . . . . .|. . . . . . . | . . . . | . . . . . . . . . | . . . . . . .|. . . . . . . . . .|. . |
|    |    .    .    .    |    .Msk .    .    |    .    .    |    .    |    .    .Mor .    |    .    .Mor |    .    .    .    |    |
|    |  07.  07.  07.  07|  03.  03.  03.  03|  11.  11.  11|    .    |  18.  18.  18.  18|  20.  20.  20|  22.  22.  22.  22|    |
| . .|. . . . . . . . . .|. . . . . . . . . .|. . . . . . . | . . . . | . . . . . . . . . | . . . . . . .|. . . . . . . . . .|. . |
|    |    .Msk .    .    |    .   a.    .    |    .    .    |    .    |    .    .    .    |    .    .    |    .    .    .    |    |
|    |  07.  07.  07.  07|  03.pt03.  03.  03|  11.  11.  11|    .    |  18.  18.  18.  18|  20.  20.  20|  22.  22.  22.  22|    |
| . .|-----DDDD----------|DDDD|----|DDDD-----|--------------| . . . . |-----DDDD----------|-----DDDD-----|-------------------|. . |
|    .   b.    .    .    .Msk |    |   a.    |    .    .    .    .    .    .    .    .    .    .    .    .    .    .    .    .    |
|    .sp  .    .    .    .    |    |pt  .    |    .    .    .    .    .    .    .    .    .    .    .    .    .    .    .    .    |
|-----------------------------|----|---------|------------------------------------------------------------------------------------|
